MariaDB [(none)]> use uassbd;
Database changed
MariaDB [uassbd]> select * from task_plans;
+--------------------------------------+-----------------------------------------+--------------------+-------------------+--------------------------------------+--------------------------------------+--------------------------------------+---------------+-------------+------------+------------+
| id                                   | task_name                               | ask_duration_start | task_duration_end | user_create                          | category_id                          | indicators_id                        | task_priority | task_status | created_at | updated_at |
+--------------------------------------+-----------------------------------------+--------------------+-------------------+--------------------------------------+--------------------------------------+--------------------------------------+---------------+-------------+------------+------------+
| 924eaa0e-c8f1-4132-a032-1d98c176a8c3 | Membuat Modul add_to_cart pada Aplikasi | 2022-06-10         | 2022-06-30        | 72233152-7af0-4e89-94fc-d8d02e73aba8 | 72233152-7af0-4e89-94fc-d8d02e73aba8 | 5e72be09-384e-4097-8e78-c20e84d88112 |             1 | Pending     | NULL       | NULL       |
| c96fdbd6-a3a4-42e3-b437-444ffd734a36 | Menganalisa Data Kemahasiswaan          | 2022-06-10         | 2022-06-17        | 72233152-7af0-4e89-94fc-d8d02e73aba8 | e46f9318-ca1a-4a3d-a998-913c8fdf5917 | 669c981f-1bd6-47d5-b2ce-de568aaa160a |             2 | Process     | NULL       | NULL       |
| f1ee037b-9135-41d2-9757-091391df4fb8 | Mendokumentasikan Code                  | 2022-06-10         | 2022-06-10        | 72233152-7af0-4e89-94fc-d8d02e73aba8 | 229d48a0-a643-42c2-832f-882297db9003 | 5e72be09-384e-4097-8e78-c20e84d88112 |             3 | Process     | NULL       | NULL       |
+--------------------------------------+-----------------------------------------+--------------------+-------------------+--------------------------------------+--------------------------------------+--------------------------------------+---------------+-------------+------------+------------+
3 rows in set (0.002 sec)

MariaDB [uassbd]> SELECT 
    -> a.id, a.task_name, b.task_status, b.task_comments, d.category_name as 'Category',
    -> DATEDIFF(a.task_duration_end, a.task_duration_start) as 'Lama Pengerjaan',
    -> c.name as 'Create By', (SELECT name from users where users.id = task_dailies.user_verify_id ) as 'Verified By'
    -> FROM task_plans a
    -> RIGHT JOIN task_dailies b ON a.id = b.plan_id
    -> INNER JOIN users c ON b.id = c.id
    -> ;
ERROR 1054 (42S22): Unknown column 'd.category_name' in 'field list'
MariaDB [uassbd]> SELECT    a.id as ID,    a.task_name AS TASK_NAME,    a.task_status AS TASK_STATUS,    b.task_comments AS TASK_COMMENTS,    d.category_name AS KATEGORI,    DATEDIFF(a.task_duration_end, a.ask_duration_start) AS "Lama Pengerjaan",    c.name AS CREATE_BY,    (SELECT name from users where users.id = b.user_verify_id) AS VERIFIED_BYFROM task_plans AS aRIGHT JOIN task_dailies AS b ON b.plan_id = a.idJOIN users AS c ON b.id = c.idRIGHT JOIN task_categories AS d ON a.category_id = d.id;
ERROR 1064 (42000): You have an error in your SQL syntax; check the manual that corresponds to your MariaDB server version for the right syntax to use near 'task_plans AS aRIGHT JOIN task_dailies AS b ON b.plan_id = a.idJOIN users AS ...' at line 1
MariaDB [uassbd]> INSERT INTO task_dailies (`id`, `user_id`, `plan_id`, `task_status`, `user_verify_id`, `task_comments`, task_prove)VALUES ('fb940b68-e866-11ec-8fea-0242ac120002', '72233152-7af0-4e89-94fc-d8d02e73aba8', 'c96fdbd6-a3a4-42e3-b437-444ffd734a36', 'Process', '72233152-7af0-4e89-94fc-d8d02e73aba8', 'OKE', 'asdasd');
Query OK, 1 row affected, 1 warning (0.143 sec)

MariaDB [uassbd]> SELECT    a.id as ID,    a.task_name AS TASK_NAME,    a.task_status AS TASK_STATUS,    b.task_comments AS TASK_COMMENTS,    d.category_name AS KATEGORI,    DATEDIFF(a.task_duration_end, a.ask_duration_start) AS "Lama Pengerjaan",    c.name AS CREATE_BY,    (SELECT name from users where users.id = b.user_verify_id) AS VERIFIED_BYFROM task_plans AS aRIGHT JOIN task_dailies AS b ON b.plan_id = a.idJOIN users AS c ON b.id = c.idRIGHT JOIN task_categories AS d ON a.category_id = d.id;
ERROR 1064 (42000): You have an error in your SQL syntax; check the manual that corresponds to your MariaDB server version for the right syntax to use near 'task_plans AS aRIGHT JOIN task_dailies AS b ON b.plan_id = a.idJOIN users AS ...' at line 1
MariaDB [uassbd]> 